------------------------------------------------------------
TimeQuest Timing Analyzer Summary
------------------------------------------------------------

Type  : Slow 1100mV 85C Model Setup 'clk'
Slack : -21.787
TNS   : -26301.092

Type  : Slow 1100mV 85C Model Hold 'clk'
Slack : 0.217
TNS   : 0.000

Type  : Slow 1100mV 85C Model Minimum Pulse Width 'clk'
Slack : -0.394
TNS   : -965.555

Type  : Slow 1100mV 0C Model Setup 'clk'
Slack : -21.302
TNS   : -25709.496

Type  : Slow 1100mV 0C Model Hold 'clk'
Slack : 0.281
TNS   : 0.000

Type  : Slow 1100mV 0C Model Minimum Pulse Width 'clk'
Slack : -0.394
TNS   : -1037.513

Type  : Fast 1100mV 85C Model Setup 'clk'
Slack : -13.001
TNS   : -15450.615

Type  : Fast 1100mV 85C Model Hold 'clk'
Slack : 0.139
TNS   : 0.000

Type  : Fast 1100mV 85C Model Minimum Pulse Width 'clk'
Slack : -0.085
TNS   : -107.258

Type  : Fast 1100mV 0C Model Setup 'clk'
Slack : -11.594
TNS   : -13660.716

Type  : Fast 1100mV 0C Model Hold 'clk'
Slack : 0.146
TNS   : 0.000

Type  : Fast 1100mV 0C Model Minimum Pulse Width 'clk'
Slack : -0.084
TNS   : -121.805

------------------------------------------------------------
