------------------------------------------------------------
TimeQuest Timing Analyzer Summary
------------------------------------------------------------

Type  : Slow 1100mV 85C Model Setup 'clk'
Slack : -12.431
TNS   : -4476.844

Type  : Slow 1100mV 85C Model Hold 'clk'
Slack : 0.335
TNS   : 0.000

Type  : Slow 1100mV 85C Model Minimum Pulse Width 'clk'
Slack : -0.394
TNS   : -279.592

Type  : Slow 1100mV 0C Model Setup 'clk'
Slack : -12.221
TNS   : -4418.591

Type  : Slow 1100mV 0C Model Hold 'clk'
Slack : 0.315
TNS   : 0.000

Type  : Slow 1100mV 0C Model Minimum Pulse Width 'clk'
Slack : -0.394
TNS   : -299.929

Type  : Fast 1100mV 85C Model Setup 'clk'
Slack : -7.228
TNS   : -2533.442

Type  : Fast 1100mV 85C Model Hold 'clk'
Slack : 0.179
TNS   : 0.000

Type  : Fast 1100mV 85C Model Minimum Pulse Width 'clk'
Slack : -0.086
TNS   : -41.616

Type  : Fast 1100mV 0C Model Setup 'clk'
Slack : -6.379
TNS   : -2235.968

Type  : Fast 1100mV 0C Model Hold 'clk'
Slack : 0.170
TNS   : 0.000

Type  : Fast 1100mV 0C Model Minimum Pulse Width 'clk'
Slack : -0.085
TNS   : -41.497

------------------------------------------------------------
