------------------------------------------------------------
TimeQuest Timing Analyzer Summary
------------------------------------------------------------

Type  : Slow 1100mV 85C Model Setup 'clk'
Slack : -12.829
TNS   : -4524.088

Type  : Slow 1100mV 85C Model Hold 'clk'
Slack : 0.360
TNS   : 0.000

Type  : Slow 1100mV 85C Model Minimum Pulse Width 'clk'
Slack : -0.394
TNS   : -279.508

Type  : Slow 1100mV 0C Model Setup 'clk'
Slack : -12.647
TNS   : -4464.011

Type  : Slow 1100mV 0C Model Hold 'clk'
Slack : 0.363
TNS   : 0.000

Type  : Slow 1100mV 0C Model Minimum Pulse Width 'clk'
Slack : -0.394
TNS   : -299.973

Type  : Fast 1100mV 85C Model Setup 'clk'
Slack : -7.484
TNS   : -2567.152

Type  : Fast 1100mV 85C Model Hold 'clk'
Slack : 0.179
TNS   : 0.000

Type  : Fast 1100mV 85C Model Minimum Pulse Width 'clk'
Slack : -0.086
TNS   : -41.145

Type  : Fast 1100mV 0C Model Setup 'clk'
Slack : -6.668
TNS   : -2268.889

Type  : Fast 1100mV 0C Model Hold 'clk'
Slack : 0.171
TNS   : 0.000

Type  : Fast 1100mV 0C Model Minimum Pulse Width 'clk'
Slack : -0.084
TNS   : -41.147

------------------------------------------------------------
