------------------------------------------------------------
TimeQuest Timing Analyzer Summary
------------------------------------------------------------

Type  : Slow 1100mV 85C Model Setup 'clk'
Slack : -16.706
TNS   : -10689.193

Type  : Slow 1100mV 85C Model Hold 'clk'
Slack : 0.361
TNS   : 0.000

Type  : Slow 1100mV 85C Model Minimum Pulse Width 'clk'
Slack : -0.394
TNS   : -416.840

Type  : Slow 1100mV 0C Model Setup 'clk'
Slack : -16.482
TNS   : -10504.391

Type  : Slow 1100mV 0C Model Hold 'clk'
Slack : 0.379
TNS   : 0.000

Type  : Slow 1100mV 0C Model Minimum Pulse Width 'clk'
Slack : -0.394
TNS   : -447.243

Type  : Fast 1100mV 85C Model Setup 'clk'
Slack : -10.063
TNS   : -6254.769

Type  : Fast 1100mV 85C Model Hold 'clk'
Slack : 0.179
TNS   : 0.000

Type  : Fast 1100mV 85C Model Minimum Pulse Width 'clk'
Slack : -0.087
TNS   : -62.760

Type  : Fast 1100mV 0C Model Setup 'clk'
Slack : -8.916
TNS   : -5536.311

Type  : Fast 1100mV 0C Model Hold 'clk'
Slack : 0.171
TNS   : 0.000

Type  : Fast 1100mV 0C Model Minimum Pulse Width 'clk'
Slack : -0.086
TNS   : -62.666

------------------------------------------------------------
